[
 {
  "access_logs": null,
  "arn": null,
  "arn_suffix": null,
  "customer_owned_ipv4_pool": null,
  "dns_name": null,
  "drop_invalid_header_fields": null,
  "enable_cross_zone_load_balancing": null,
  "enable_deletion_protection": null,
  "enable_http2": null,
  "id": null,
  "idle_timeout": null,
  "internal": null,
  "ip_address_type": null,
  "load_balancer_type": null,
  "name": "acc-test-lb-tf",
  "name_prefix": null,
  "security_groups": null,
  "subnet_mapping": null,
  "subnets": null,
  "tags": null,
  "timeouts": null,
  "vpc_id": null,
  "zone_id": null
 }
]