[
 {
  "BatchSize": 1,
  "BisectBatchOnFunctionError": false,
  "Enabled": true,
  "EventSourceArn": "arn:aws:sqs:us-east-1:526954929923:queue1",
  "FunctionArn": "arn:aws:lambda:us-east-1:526954929923:function:lambda_function_name",
  "FunctionName": "arn:aws:lambda:us-east-1:526954929923:function:lambda_function_name",
  "Id": "13ff66f8-37eb-4ad6-a0a8-594fea72df4f",
  "LastModified": "2021-03-01T14:09:25Z",
  "LastProcessingResult": "",
  "MaximumBatchingWindowInSeconds": 0,
  "MaximumRecordAgeInSeconds": 0,
  "MaximumRetryAttempts": 0,
  "ParallelizationFactor": 0,
  "StartingPosition": null,
  "StartingPositionTimestamp": null,
  "State": "Enabled",
  "StateTransitionReason": "USER_INITIATED",
  "Uuid": "13ff66f8-37eb-4ad6-a0a8-594fea72df4f",
  "DestinationConfig": [],
  "CtyVal":{}
 },
 {
  "BatchSize": 1,
  "BisectBatchOnFunctionError": false,
  "Enabled": true,
  "EventSourceArn": "arn:aws:sqs:us-east-1:526954929923:queue2",
  "FunctionArn": "arn:aws:lambda:us-east-1:526954929923:function:lambda_function_name",
  "FunctionName": "arn:aws:lambda:us-east-1:526954929923:function:lambda_function_name",
  "Id": "4ad7e2b3-79e9-4713-9d9d-5af2c01d9058",
  "LastModified": "2021-03-01T14:09:25Z",
  "LastProcessingResult": "",
  "MaximumBatchingWindowInSeconds": 0,
  "MaximumRecordAgeInSeconds": 0,
  "MaximumRetryAttempts": 0,
  "ParallelizationFactor": 0,
  "StartingPosition": null,
  "StartingPositionTimestamp": null,
  "State": "Enabled",
  "StateTransitionReason": "USER_INITIATED",
  "Uuid": "4ad7e2b3-79e9-4713-9d9d-5af2c01d9058",
  "DestinationConfig": [],
  "CtyVal":{}
 }
]