[
 {
  "AllocationId": "eipalloc-0f3e9fff457bb770b",
  "Id": "nat-0a5408508b19ef490",
  "NetworkInterfaceId": "eni-0a5125861e3328c7d",
  "PrivateIp": "172.31.84.248",
  "PublicIp": "54.87.245.115",
  "SubnetId": "subnet-44fe0c65",
  "Tags": {
   "Name": "nat1"
  }
 }
]