[
 {
  "Id": "MODULE-USER",
  "Type": "aws_iam_user",
  "Attrs": {
   "arn": "arn:aws:iam::929327065333:user/MODULE-USER",
   "id": "MODULE-USER",
   "name": "MODULE-USER",
   "path": "/",
   "unique_id": "AIDA5QYBVVD22N3IK6SAR"
  }
 },
 {
  "EncryptedSecret": null,
  "Id": "AKIA5QYBVVD2VIEMMUIQ",
  "KeyFingerprint": null,
  "PgpKey": null,
  "Secret": null,
  "SesSmtpPasswordV4": null,
  "Status": "Active",
  "User": "MODULE-USER",
  "CtyVal": {}
 }
]