{
 "Typ": "WyJvYmplY3QiLHsiYnVja2V0Ijoic3RyaW5nIiwiaWQiOiJzdHJpbmciLCJwb2xpY3kiOiJzdHJpbmcifV0=",
 "Val": "eyJidWNrZXQiOiJkcml0ZnRjdGwtdGVzdC1uby1wb2xpY3kiLCJpZCI6ImRyaXRmdGN0bC10ZXN0LW5vLXBvbGljeSIsInBvbGljeSI6IiJ9",
 "Err": null
}