[
 {
  "Ami": "ami-0f8e5edde3a79f541",
  "Arn": "arn:aws:ec2:eu-west-3:929327065333:instance/i-002c7d44410fee60e",
  "AssociatePublicIpAddress": true,
  "AvailabilityZone": "eu-west-3a",
  "CpuCoreCount": 1,
  "CpuThreadsPerCore": 2,
  "DisableApiTermination": false,
  "EbsOptimized": false,
  "GetPasswordData": false,
  "Hibernation": false,
  "HostId": null,
  "IamInstanceProfile": "",
  "Id": "i-002c7d44410fee60e",
  "InstanceInitiatedShutdownBehavior": null,
  "InstanceState": "running",
  "InstanceType": "t3.micro",
  "Ipv6AddressCount": 0,
  "Ipv6Addresses": [],
  "KeyName": "",
  "Monitoring": false,
  "OutpostArn": "",
  "PasswordData": "",
  "PlacementGroup": "",
  "PrimaryNetworkInterfaceId": "eni-004ddff1c7a130f8b",
  "PrivateDns": "ip-172-31-11-192.eu-west-3.compute.internal",
  "PrivateIp": "172.31.11.192",
  "PublicDns": "ec2-15-188-23-233.eu-west-3.compute.amazonaws.com",
  "PublicIp": "15.188.23.233",
  "SecondaryPrivateIps": [],
  "SecurityGroups": [
   "default"
  ],
  "SourceDestCheck": true,
  "SubnetId": "subnet-63c5f90a",
  "Tags": {
   "Name": "HelloWorld"
  },
  "Tenancy": "default",
  "UserData": null,
  "UserDataBase64": null,
  "VolumeTags": {},
  "VpcSecurityGroupIds": [
   "sg-a74815c8"
  ],
  "CreditSpecification": [
   {
    "CpuCredits": "unlimited"
   }
  ],
  "EbsBlockDevice": null,
  "EphemeralBlockDevice": [],
  "MetadataOptions": [
   {
    "HttpEndpoint": "enabled",
    "HttpPutResponseHopLimit": 1,
    "HttpTokens": "optional"
   }
  ],
  "NetworkInterface": [],
  "RootBlockDevice": [
   {
    "DeleteOnTermination": true,
    "DeviceName": "/dev/sda1",
    "Encrypted": false,
    "Iops": 100,
    "KmsKeyId": "",
    "VolumeId": "vol-08b1deab4881e2b00",
    "VolumeSize": 8,
    "VolumeType": "gp2"
   }
  ],
  "Timeouts": null,
  "CtyVal": {}
 }
]