[{"Ami":"ami-0697b068b80d79421","Arn":"arn:aws:ec2:eu-west-3:047081014315:instance/i-0d3650a23f4e45dc0","AssociatePublicIpAddress":true,"AvailabilityZone":"eu-west-3b","CpuCoreCount":1,"CpuThreadsPerCore":2,"DisableApiTermination":false,"EbsOptimized":false,"GetPasswordData":false,"Hibernation":false,"HostId":null,"IamInstanceProfile":"","Id":"i-0d3650a23f4e45dc0","InstanceInitiatedShutdownBehavior":null,"InstanceState":"running","InstanceType":"t3.nano","Ipv6AddressCount":0,"Ipv6Addresses":[],"KeyName":"","Monitoring":false,"OutpostArn":"","PasswordData":"","PlacementGroup":"","PrimaryNetworkInterfaceId":"eni-0f35ce5577bbab251","PrivateDns":"ip-172-31-22-12.eu-west-3.compute.internal","PrivateIp":"172.31.22.12","PublicDns":"ec2-35-180-126-180.eu-west-3.compute.amazonaws.com","PublicIp":"35.180.126.180","SecondaryPrivateIps":[],"SecurityGroups":["default"],"SourceDestCheck":true,"SubnetId":"subnet-fdfdda86","Tags":null,"Tenancy":"default","UserData":null,"UserDataBase64":null,"VolumeTags":{},"VpcSecurityGroupIds":["sg-9e0204ff"],"CreditSpecification":[{"CpuCredits":"unlimited"}],"EbsBlockDevice":null,"EphemeralBlockDevice":[],"MetadataOptions":[{"HttpEndpoint":"enabled","HttpPutResponseHopLimit":1,"HttpTokens":"optional"}],"NetworkInterface":[],"RootBlockDevice":[{"DeleteOnTermination":true,"DeviceName":"/dev/xvda","Encrypted":false,"Iops":100,"KmsKeyId":"","VolumeId":"vol-081c7272a57a09db1","VolumeSize":8,"VolumeType":"gp2"}],"Timeouts":null,"CtyVal":{}}]