{
 "Typ": "WyJvYmplY3QiLHsiaWQiOiJzdHJpbmciLCJwb2xpY3lfYXJuIjoic3RyaW5nIiwidXNlciI6InN0cmluZyJ9XQ==",
 "Val": "eyJpZCI6InRlc3QtYXR0YWNoNCIsInBvbGljeV9hcm4iOiJhcm46YXdzOmlhbTo6NTI2OTU0OTI5OTIzOnBvbGljeS90ZXN0NCIsInVzZXIiOiJsb2FkYmFsYW5jZXIyIn0=",
 "Err": null
}