[
 {
  "Arn": "arn:aws:kms:eu-west-3:047081014315:key/8ee21d91-c000-428c-8032-235aac55da36",
  "CustomerMasterKeySpec": "RSA_2048",
  "DeletionWindowInDays": null,
  "Description": "Bar",
  "EnableKeyRotation": false,
  "Id": "8ee21d91-c000-428c-8032-235aac55da36",
  "IsEnabled": true,
  "KeyId": "8ee21d91-c000-428c-8032-235aac55da36",
  "KeyUsage": "SIGN_VERIFY",
  "Policy": "{\"Id\":\"key-consolepolicy-3\",\"Statement\":[{\"Action\":\"kms:*\",\"Effect\":\"Allow\",\"Principal\":{\"AWS\":\"arn:aws:iam::047081014315:root\"},\"Resource\":\"*\",\"Sid\":\"Enable IAM User Permissions\"},{\"Action\":[\"kms:DescribeKey\",\"kms:GetPublicKey\",\"kms:Sign\",\"kms:Verify\"],\"Effect\":\"Allow\",\"Principal\":{\"AWS\":\"arn:aws:iam::047081014315:user/admin\"},\"Resource\":\"*\",\"Sid\":\"Allow use of the key\"},{\"Action\":[\"kms:CreateGrant\",\"kms:ListGrants\",\"kms:RevokeGrant\"],\"Condition\":{\"Bool\":{\"kms:GrantIsForAWSResource\":\"true\"}},\"Effect\":\"Allow\",\"Principal\":{\"AWS\":\"arn:aws:iam::047081014315:user/admin\"},\"Resource\":\"*\",\"Sid\":\"Allow attachment of persistent resources\"}],\"Version\":\"2012-10-17\"}",
  "Tags": {},
  "CtyVal": {}
 },
 {
  "Arn": "arn:aws:kms:eu-west-3:047081014315:key/5d765f32-bfdc-4610-b6ab-f82db5d0601b",
  "CustomerMasterKeySpec": "SYMMETRIC_DEFAULT",
  "DeletionWindowInDays": 10,
  "Description": "Baz",
  "EnableKeyRotation": false,
  "Id": "5d765f32-bfdc-4610-b6ab-f82db5d0601b",
  "IsEnabled": false,
  "KeyId": "5d765f32-bfdc-4610-b6ab-f82db5d0601b",
  "KeyUsage": "ENCRYPT_DECRYPT",
  "Policy": "{\"Id\":\"key-default-1\",\"Statement\":[{\"Action\":\"kms:*\",\"Effect\":\"Allow\",\"Principal\":{\"AWS\":\"arn:aws:iam::047081014315:root\"},\"Resource\":\"*\",\"Sid\":\"Enable IAM User Permissions\"}],\"Version\":\"2012-10-17\"}",
  "Tags": {
   "Foo": "true"
  },
  "CtyVal": {}
 },
 {
  "Arn": "arn:aws:kms:eu-west-3:047081014315:key/89d2c023-ea53-40a5-b20a-d84905c622d7",
  "CustomerMasterKeySpec": "RSA_4096",
  "DeletionWindowInDays": 10,
  "Description": "Foo",
  "EnableKeyRotation": false,
  "Id": "89d2c023-ea53-40a5-b20a-d84905c622d7",
  "IsEnabled": true,
  "KeyId": "89d2c023-ea53-40a5-b20a-d84905c622d7",
  "KeyUsage": "ENCRYPT_DECRYPT",
  "Policy": "{\"Id\":\"key-default-1\",\"Statement\":[{\"Action\":\"kms:*\",\"Effect\":\"Allow\",\"Principal\":{\"AWS\":\"arn:aws:iam::047081014315:root\"},\"Resource\":\"*\",\"Sid\":\"Enable IAM User Permissions\"}],\"Version\":\"2012-10-17\"}",
  "Tags": {},
  "CtyVal": {}
 }
]