[
 {
  "Address": "terraform-20201015115018309600000001.c4j6qwp34sb1.eu-west-3.rds.amazonaws.com",
  "AllocatedStorage": 20,
  "AllowMajorVersionUpgrade": null,
  "ApplyImmediately": null,
  "Arn": "arn:aws:rds:eu-west-3:929327065333:db:terraform-20201015115018309600000001",
  "AutoMinorVersionUpgrade": true,
  "AvailabilityZone": "eu-west-3c",
  "BackupRetentionPeriod": 0,
  "BackupWindow": "09:16-09:46",
  "CaCertIdentifier": "rds-ca-2019",
  "CharacterSetName": null,
  "CopyTagsToSnapshot": false,
  "DbSubnetGroupName": "default",
  "DeleteAutomatedBackups": true,
  "DeletionProtection": false,
  "Domain": "",
  "DomainIamRoleName": "",
  "EnabledCloudwatchLogsExports": null,
  "Endpoint": "terraform-20201015115018309600000001.c4j6qwp34sb1.eu-west-3.rds.amazonaws.com:3306",
  "Engine": "mysql",
  "EngineVersion": "5.7.26",
  "FinalSnapshotIdentifier": null,
  "HostedZoneId": "ZMESEXB7ZGGQ3",
  "IamDatabaseAuthenticationEnabled": false,
  "Id": "terraform-20201015115018309600000001",
  "Identifier": "terraform-20201015115018309600000001",
  "IdentifierPrefix": null,
  "InstanceClass": "db.t2.micro",
  "Iops": 0,
  "KmsKeyId": "",
  "LatestRestorableTime": null,
  "LicenseModel": "general-public-license",
  "MaintenanceWindow": "thu:05:32-thu:06:02",
  "MaxAllocatedStorage": 0,
  "MonitoringInterval": 0,
  "MonitoringRoleArn": "",
  "MultiAz": false,
  "Name": "mydb",
  "OptionGroupName": "default:mysql-5-7",
  "ParameterGroupName": "default.mysql5.7",
  "Password": "foobarbaz",
  "PerformanceInsightsEnabled": false,
  "PerformanceInsightsKmsKeyId": "",
  "PerformanceInsightsRetentionPeriod": 0,
  "Port": 3306,
  "PubliclyAccessible": false,
  "Replicas": [],
  "ReplicateSourceDb": "",
  "ResourceId": "db-PVD6KZ2WX76FJ7CJXVUNMEM2VQ",
  "SecurityGroupNames": null,
  "SkipFinalSnapshot": false,
  "SnapshotIdentifier": null,
  "Status": "available",
  "StorageEncrypted": false,
  "StorageType": "gp2",
  "Tags": null,
  "Timezone": "",
  "Username": "foo",
  "VpcSecurityGroupIds": [
   "sg-a74815c8"
  ],
  "RestoreToPointInTime": null,
  "S3Import": [],
  "Timeouts": null
 }
]