[
 {
  "Comment": "Managed by Terraform",
  "DelegationSetId": "",
  "ForceDestroy": false,
  "Id": "Z09368953G729AFEX5048",
  "Name": "elie.ski",
  "NameServers": [
   "ns-1504.awsdns-60.org",
   "ns-180.awsdns-22.com",
   "ns-1890.awsdns-44.co.uk",
   "ns-759.awsdns-30.net"
  ],
  "Tags": null,
  "ZoneId": "Z09368953G729AFEX5048",
  "Vpc": []
 },
 {
  "AllowOverwrite": true,
  "Fqdn": "elie.ski",
  "HealthCheckId": "",
  "Id": "Z09368953G729AFEX5048_elie.ski_NS",
  "MultivalueAnswerRoutingPolicy": null,
  "Name": "elie.ski",
  "Records": [
   "ns-1295.awsdns-33.org.",
   "ns-1843.awsdns-38.co.uk.",
   "ns-228.awsdns-28.demo.",
   "ns-873.awsdns-45.net."
  ],
  "SetIdentifier": "",
  "Ttl": 172800,
  "Type": "NS",
  "ZoneId": "Z09368953G729AFEX5048",
  "Alias": null,
  "FailoverRoutingPolicy": [],
  "GeolocationRoutingPolicy": [],
  "LatencyRoutingPolicy": [],
  "WeightedRoutingPolicy": []
 },
 {
  "AllowOverwrite": null,
  "Fqdn": "test.elie.ski",
  "HealthCheckId": "",
  "Id": "Z09368953G729AFEX5048_test_A",
  "MultivalueAnswerRoutingPolicy": null,
  "Name": "test",
  "Records": [
   "1.2.3.4"
  ],
  "SetIdentifier": "",
  "Ttl": 300,
  "Type": "A",
  "ZoneId": "Z09368953G729AFEX5048",
  "Alias": null,
  "FailoverRoutingPolicy": [],
  "GeolocationRoutingPolicy": [],
  "LatencyRoutingPolicy": [],
  "WeightedRoutingPolicy": []
 }
]