[
 {
  "Arn": "arn:aws:ecr:eu-west-3:726421854799:repository/bar",
  "Id": "bar",
  "ImageTagMutability": "MUTABLE",
  "Name": "bar",
  "RegistryId": "726421854799",
  "RepositoryUrl": "726421854799.dkr.ecr.eu-west-3.amazonaws.com/bar",
  "Tags": null,
  "EncryptionConfiguration": [
   {
    "EncryptionType": "AES256",
    "KmsKey": ""
   }
  ],
  "ImageScanningConfiguration": [
   {
    "ScanOnPush": true
   }
  ],
  "Timeouts": null
 }
]