[
 {
  "AllowMergeCommit": true,
  "AllowRebaseMerge": true,
  "AllowSquashMerge": true,
  "ArchiveOnDestroy": null,
  "Archived": false,
  "AutoInit": null,
  "DefaultBranch": "main",
  "DeleteBranchOnMerge": false,
  "Description": "this is a private repo",
  "Etag": "W/\"04420b05933b55f136bb12b9c8d1748e67e143b290d72ecadd0fd2d4f4a3048a\"",
  "FullName": "driftctl-test/private-repo",
  "GitCloneUrl": "git://github.com/driftctl-test/private-repo.git",
  "GitignoreTemplate": null,
  "HasDownloads": false,
  "HasIssues": false,
  "HasProjects": false,
  "HasWiki": false,
  "HomepageUrl": "",
  "HtmlUrl": "https://github.com/driftctl-test/private-repo",
  "HttpCloneUrl": "https://github.com/driftctl-test/private-repo.git",
  "Id": "private-repo",
  "IsTemplate": false,
  "LicenseTemplate": null,
  "Name": "private-repo",
  "NodeId": "MDEwOlJlcG9zaXRvcnkzMzkwNzY5NjQ=",
  "Private": true,
  "RepoId": 339076964,
  "SshCloneUrl": "git@github.com:driftctl-test/private-repo.git",
  "SvnUrl": "https://github.com/driftctl-test/private-repo",
  "Topics": null,
  "Visibility": "private",
  "VulnerabilityAlerts": false,
  "Pages": [],
  "Template": []
 },
 {
  "AllowMergeCommit": true,
  "AllowRebaseMerge": true,
  "AllowSquashMerge": true,
  "ArchiveOnDestroy": null,
  "Archived": false,
  "AutoInit": null,
  "DefaultBranch": "main",
  "DeleteBranchOnMerge": false,
  "Description": "",
  "Etag": "W/\"3e7a2583fb97097c8acbcb4c289e46fc0db70341071c5f55972bbd3270a2b957\"",
  "FullName": "driftctl-test/public-repo",
  "GitCloneUrl": "git://github.com/driftctl-test/public-repo.git",
  "GitignoreTemplate": null,
  "HasDownloads": false,
  "HasIssues": false,
  "HasProjects": false,
  "HasWiki": false,
  "HomepageUrl": "",
  "HtmlUrl": "https://github.com/driftctl-test/public-repo",
  "HttpCloneUrl": "https://github.com/driftctl-test/public-repo.git",
  "Id": "public-repo",
  "IsTemplate": false,
  "LicenseTemplate": null,
  "Name": "public-repo",
  "NodeId": "MDEwOlJlcG9zaXRvcnkzMzkwNzY5Nzg=",
  "Private": false,
  "RepoId": 339076978,
  "SshCloneUrl": "git@github.com:driftctl-test/public-repo.git",
  "SvnUrl": "https://github.com/driftctl-test/public-repo",
  "Topics": null,
  "Visibility": "public",
  "VulnerabilityAlerts": false,
  "Pages": [],
  "Template": []
 }
]