[{"Architecture":"x86_64","Arn":"arn:aws:ec2:eu-west-3::image/ami-06668cf793e254604","Description":"","EnaSupport":true,"Id":"ami-06668cf793e254604","ImageLocation":"047081014315/Test","KernelId":"","ManageEbsSnapshots":null,"Name":"Test","RamdiskId":"","RootDeviceName":"/dev/xvda","RootSnapshotId":"snap-00672558cecd93a61","SriovNetSupport":"simple","Tags":{},"VirtualizationType":"hvm","EbsBlockDevice":[{"DeleteOnTermination":true,"DeviceName":"/dev/xvda","Encrypted":false,"Iops":0,"SnapshotId":"snap-00672558cecd93a61","VolumeSize":8,"VolumeType":"gp2"}],"EphemeralBlockDevice":[],"Timeouts":{"Create":null,"Delete":null,"Update":null},"CtyVal":{}}]