{
 "Typ": "WyJvYmplY3QiLHsiaWQiOiJzdHJpbmciLCJwb2xpY3lfYXJuIjoic3RyaW5nIiwicm9sZSI6InN0cmluZyJ9XQ==",
 "Val": "eyJpZCI6InBvbGljeSIsInBvbGljeV9hcm4iOiJhcm46YXdzOmlhbTo6NTI2OTU0OTI5OTIzOnBvbGljeS90ZXN0LXBvbGljeSIsInJvbGUiOiJ0ZXN0LXJvbGUifQ==",
 "Err": null
}