{
 "Typ": "WyJvYmplY3QiLHsiaWQiOiJzdHJpbmciLCJwb2xpY3lfYXJuIjoic3RyaW5nIiwicm9sZSI6InN0cmluZyJ9XQ==",
 "Val": "eyJpZCI6InBvbGljeTIiLCJwb2xpY3lfYXJuIjoiYXJuOmF3czppYW06OjUyNjk1NDkyOTkyMzpwb2xpY3kvdGVzdC1wb2xpY3kyIiwicm9sZSI6InRlc3Qtcm9sZTIifQ==",
 "Err": null
}