[
 {
  "groups": [],
  "id": "test-role-arn:aws:iam::526954929923:policy/test-policy3",
  "name": "policy3",
  "policy_arn": "arn:aws:iam::526954929923:policy/test-policy3",
  "roles": [
   "test-role"
  ],
  "users": []
 },
 {
  "groups": [],
  "id": "test-role2-arn:aws:iam::526954929923:policy/test-policy",
  "name": "policy",
  "policy_arn": "arn:aws:iam::526954929923:policy/test-policy",
  "roles": [
   "test-role2"
  ],
  "users": []
 },
 {
  "groups": [],
  "id": "test-role-arn:aws:iam::526954929923:policy/test-policy",
  "name": "policy",
  "policy_arn": "arn:aws:iam::526954929923:policy/test-policy",
  "roles": [
   "test-role"
  ],
  "users": []
 },
 {
  "groups": [],
  "id": "test-role2-arn:aws:iam::526954929923:policy/test-policy2",
  "name": "policy2",
  "policy_arn": "arn:aws:iam::526954929923:policy/test-policy2",
  "roles": [
   "test-role2"
  ],
  "users": []
 },
 {
  "groups": [],
  "id": "test-role2-arn:aws:iam::526954929923:policy/test-policy3",
  "name": "policy3",
  "policy_arn": "arn:aws:iam::526954929923:policy/test-policy3",
  "roles": [
   "test-role2"
  ],
  "users": []
 },
 {
  "groups": [],
  "id": "test-role-arn:aws:iam::526954929923:policy/test-policy2",
  "name": "policy2",
  "policy_arn": "arn:aws:iam::526954929923:policy/test-policy2",
  "roles": [
   "test-role"
  ],
  "users": []
 }
]