{
 "Typ": "WyJvYmplY3QiLHsiYnVja2V0Ijoic3RyaW5nIiwiaWQiOiJzdHJpbmciLCJsYW1iZGFfZnVuY3Rpb24iOlsibGlzdCIsWyJvYmplY3QiLHsiZXZlbnRzIjpbInNldCIsInN0cmluZyJdLCJmaWx0ZXJfcHJlZml4Ijoic3RyaW5nIiwiZmlsdGVyX3N1ZmZpeCI6InN0cmluZyIsImlkIjoic3RyaW5nIiwibGFtYmRhX2Z1bmN0aW9uX2FybiI6InN0cmluZyJ9XV0sInF1ZXVlIjpbImxpc3QiLFsib2JqZWN0Iix7ImV2ZW50cyI6WyJzZXQiLCJzdHJpbmciXSwiZmlsdGVyX3ByZWZpeCI6InN0cmluZyIsImZpbHRlcl9zdWZmaXgiOiJzdHJpbmciLCJpZCI6InN0cmluZyIsInF1ZXVlX2FybiI6InN0cmluZyJ9XV0sInRvcGljIjpbImxpc3QiLFsib2JqZWN0Iix7ImV2ZW50cyI6WyJzZXQiLCJzdHJpbmciXSwiZmlsdGVyX3ByZWZpeCI6InN0cmluZyIsImZpbHRlcl9zdWZmaXgiOiJzdHJpbmciLCJpZCI6InN0cmluZyIsInRvcGljX2FybiI6InN0cmluZyJ9XV19XQ==",
 "Val": "eyJidWNrZXQiOiJidWNrZXQtbWFydGluLXRlc3QtZHJpZnQiLCJpZCI6ImJ1Y2tldC1tYXJ0aW4tdGVzdC1kcmlmdCIsImxhbWJkYV9mdW5jdGlvbiI6W3siZXZlbnRzIjpbInMzOk9iamVjdENyZWF0ZWQ6KiJdLCJmaWx0ZXJfcHJlZml4IjoiQVdTTG9ncy8iLCJmaWx0ZXJfc3VmZml4IjoiLmxvZyIsImlkIjoidGYtczMtbGFtYmRhLTIwMjAxMTAzMTUzNDUyNTkyNzAwMDAwMDAxIiwibGFtYmRhX2Z1bmN0aW9uX2FybiI6ImFybjphd3M6bGFtYmRhOmV1LXdlc3QtMTo1MjY5NTQ5Mjk5MjM6ZnVuY3Rpb246ZXhhbXBsZV9sYW1iZGFfbmFtZTEifSx7ImV2ZW50cyI6WyJzMzpPYmplY3RDcmVhdGVkOioiXSwiZmlsdGVyX3ByZWZpeCI6Ik90aGVyTG9ncy8iLCJmaWx0ZXJfc3VmZml4IjoiLmxvZyIsImlkIjoidGYtczMtbGFtYmRhLTIwMjAxMTAzMTUzNDUyNTkyODAwMDAwMDAyIiwibGFtYmRhX2Z1bmN0aW9uX2FybiI6ImFybjphd3M6bGFtYmRhOmV1LXdlc3QtMTo1MjY5NTQ5Mjk5MjM6ZnVuY3Rpb246ZXhhbXBsZV9sYW1iZGFfbmFtZTIifV0sInF1ZXVlIjpbXSwidG9waWMiOltdfQ==",
 "Err": null
}