{
 "Typ": "WyJvYmplY3QiLHsiYnVja2V0Ijoic3RyaW5nIiwiaWQiOiJzdHJpbmciLCJsYW1iZGFfZnVuY3Rpb24iOlsibGlzdCIsWyJvYmplY3QiLHsiZXZlbnRzIjpbInNldCIsInN0cmluZyJdLCJmaWx0ZXJfcHJlZml4Ijoic3RyaW5nIiwiZmlsdGVyX3N1ZmZpeCI6InN0cmluZyIsImlkIjoic3RyaW5nIiwibGFtYmRhX2Z1bmN0aW9uX2FybiI6InN0cmluZyJ9XV0sInF1ZXVlIjpbImxpc3QiLFsib2JqZWN0Iix7ImV2ZW50cyI6WyJzZXQiLCJzdHJpbmciXSwiZmlsdGVyX3ByZWZpeCI6InN0cmluZyIsImZpbHRlcl9zdWZmaXgiOiJzdHJpbmciLCJpZCI6InN0cmluZyIsInF1ZXVlX2FybiI6InN0cmluZyJ9XV0sInRvcGljIjpbImxpc3QiLFsib2JqZWN0Iix7ImV2ZW50cyI6WyJzZXQiLCJzdHJpbmciXSwiZmlsdGVyX3ByZWZpeCI6InN0cmluZyIsImZpbHRlcl9zdWZmaXgiOiJzdHJpbmciLCJpZCI6InN0cmluZyIsInRvcGljX2FybiI6InN0cmluZyJ9XV19XQ==",
 "Val": "eyJidWNrZXQiOiJidWNrZXQtbWFydGluLXRlc3QtZHJpZnQzIiwiaWQiOiJidWNrZXQtbWFydGluLXRlc3QtZHJpZnQzIiwibGFtYmRhX2Z1bmN0aW9uIjpbeyJldmVudHMiOlsiczM6T2JqZWN0Q3JlYXRlZDoqIl0sImZpbHRlcl9wcmVmaXgiOiJBV1NMb2dzLyIsImZpbHRlcl9zdWZmaXgiOiIubG9nIiwiaWQiOiJ0Zi1zMy1sYW1iZGEtMjAyMDExMDMxNjUwNTI5NTgzMDAwMDAwMDEiLCJsYW1iZGFfZnVuY3Rpb25fYXJuIjoiYXJuOmF3czpsYW1iZGE6YXAtbm9ydGhlYXN0LTE6NTI2OTU0OTI5OTIzOmZ1bmN0aW9uOmV4YW1wbGVfbGFtYmRhX25hbWUxIn0seyJldmVudHMiOlsiczM6T2JqZWN0Q3JlYXRlZDoqIl0sImZpbHRlcl9wcmVmaXgiOiJPdGhlckxvZ3MvIiwiZmlsdGVyX3N1ZmZpeCI6Ii5sb2ciLCJpZCI6InRmLXMzLWxhbWJkYS0yMDIwMTEwMzE2NTA1Mjk1ODQwMDAwMDAwMiIsImxhbWJkYV9mdW5jdGlvbl9hcm4iOiJhcm46YXdzOmxhbWJkYTphcC1ub3J0aGVhc3QtMTo1MjY5NTQ5Mjk5MjM6ZnVuY3Rpb246ZXhhbXBsZV9sYW1iZGFfbmFtZTIifV0sInF1ZXVlIjpbXSwidG9waWMiOltdfQ==",
 "Err": null
}