[
 {
  "AllocationId": null,
  "AssociateWithPrivateIp": "10.0.0.11",
  "AssociationId": "",
  "CustomerOwnedIp": "",
  "CustomerOwnedIpv4Pool": "",
  "Domain": "vpc",
  "Id": "eipalloc-00d8dc77a6d6bd923",
  "Instance": "",
  "NetworkBorderGroup": null,
  "NetworkInterface": "",
  "PrivateDns": null,
  "PrivateIp": "",
  "PublicDns": "ec2-15-237-76-220.eu-west-3.compute.amazonaws.com",
  "PublicIp": "15.237.76.220",
  "PublicIpv4Pool": "amazon",
  "Tags": null,
  "Vpc": true,
  "Timeouts": null
 }
]