{
 "Typ": "WyJvYmplY3QiLHsiYnVja2V0Ijoic3RyaW5nIiwiZmlsdGVyIjpbImxpc3QiLFsib2JqZWN0Iix7InByZWZpeCI6InN0cmluZyIsInRhZ3MiOlsibWFwIiwic3RyaW5nIl19XV0sImlkIjoic3RyaW5nIiwibmFtZSI6InN0cmluZyJ9XQ==",
 "Val": "eyJidWNrZXQiOiJidWNrZXQtbWFydGluLXRlc3QtZHJpZnQiLCJmaWx0ZXIiOm51bGwsImlkIjoiYnVja2V0LW1hcnRpbi10ZXN0LWRyaWZ0Ok1ldHJpY3NfQnVja2V0MSIsIm5hbWUiOiJNZXRyaWNzX0J1Y2tldDEifQ==",
 "Err": null
}