{
 "Typ": "WyJvYmplY3QiLHsiYXJuIjoic3RyaW5nIiwiZGVzY3JpcHRpb24iOiJzdHJpbmciLCJlZ3Jlc3MiOlsic2V0IixbIm9iamVjdCIseyJjaWRyX2Jsb2NrcyI6WyJsaXN0Iiwic3RyaW5nIl0sImRlc2NyaXB0aW9uIjoic3RyaW5nIiwiZnJvbV9wb3J0IjoibnVtYmVyIiwiaXB2Nl9jaWRyX2Jsb2NrcyI6WyJsaXN0Iiwic3RyaW5nIl0sInByZWZpeF9saXN0X2lkcyI6WyJsaXN0Iiwic3RyaW5nIl0sInByb3RvY29sIjoic3RyaW5nIiwic2VjdXJpdHlfZ3JvdXBzIjpbInNldCIsInN0cmluZyJdLCJzZWxmIjoiYm9vbCIsInRvX3BvcnQiOiJudW1iZXIifV1dLCJpZCI6InN0cmluZyIsImluZ3Jlc3MiOlsic2V0IixbIm9iamVjdCIseyJjaWRyX2Jsb2NrcyI6WyJsaXN0Iiwic3RyaW5nIl0sImRlc2NyaXB0aW9uIjoic3RyaW5nIiwiZnJvbV9wb3J0IjoibnVtYmVyIiwiaXB2Nl9jaWRyX2Jsb2NrcyI6WyJsaXN0Iiwic3RyaW5nIl0sInByZWZpeF9saXN0X2lkcyI6WyJsaXN0Iiwic3RyaW5nIl0sInByb3RvY29sIjoic3RyaW5nIiwic2VjdXJpdHlfZ3JvdXBzIjpbInNldCIsInN0cmluZyJdLCJzZWxmIjoiYm9vbCIsInRvX3BvcnQiOiJudW1iZXIifV1dLCJuYW1lIjoic3RyaW5nIiwibmFtZV9wcmVmaXgiOiJzdHJpbmciLCJvd25lcl9pZCI6InN0cmluZyIsInJldm9rZV9ydWxlc19vbl9kZWxldGUiOiJib29sIiwidGFncyI6WyJtYXAiLCJzdHJpbmciXSwidGltZW91dHMiOlsib2JqZWN0Iix7ImNyZWF0ZSI6InN0cmluZyIsImRlbGV0ZSI6InN0cmluZyJ9XSwidnBjX2lkIjoic3RyaW5nIn1d",
 "Val": "eyJhcm4iOiJhcm46YXdzOmVjMjpldS13ZXN0LTM6MDQ3MDgxMDE0MzE1OnNlY3VyaXR5LWdyb3VwL3NnLTAyNTRjMDM4ZTMyZjI1NTMwIiwiZGVzY3JpcHRpb24iOiJNYW5hZ2VkIGJ5IFRlcnJhZm9ybSIsImVncmVzcyI6W3siY2lkcl9ibG9ja3MiOlsiMC4wLjAuMC8wIl0sImRlc2NyaXB0aW9uIjoiQmFyIiwiZnJvbV9wb3J0IjowLCJpcHY2X2NpZHJfYmxvY2tzIjpbXSwicHJlZml4X2xpc3RfaWRzIjpbXSwicHJvdG9jb2wiOiItMSIsInNlY3VyaXR5X2dyb3VwcyI6W10sInNlbGYiOmZhbHNlLCJ0b19wb3J0IjowfV0sImlkIjoic2ctMDI1NGMwMzhlMzJmMjU1MzAiLCJpbmdyZXNzIjpbeyJjaWRyX2Jsb2NrcyI6WyIwLjAuMC4wLzAiXSwiZGVzY3JpcHRpb24iOiJGb28iLCJmcm9tX3BvcnQiOjAsImlwdjZfY2lkcl9ibG9ja3MiOltdLCJwcmVmaXhfbGlzdF9pZHMiOltdLCJwcm90b2NvbCI6Ii0xIiwic2VjdXJpdHlfZ3JvdXBzIjpbXSwic2VsZiI6ZmFsc2UsInRvX3BvcnQiOjB9XSwibmFtZSI6ImZvbyIsIm5hbWVfcHJlZml4IjoiIiwib3duZXJfaWQiOiIwNDcwODEwMTQzMTUiLCJyZXZva2VfcnVsZXNfb25fZGVsZXRlIjpudWxsLCJ0YWdzIjp7Ik5hbWUiOiJGb28gU0cifSwidGltZW91dHMiOnsiY3JlYXRlIjpudWxsLCJkZWxldGUiOm51bGx9LCJ2cGNfaWQiOiJ2cGMtNjE4ZjZlMDkifQ==",
 "Err": null
}